insira a quantidade de bits: Insira a quantidade de palavras: insira o tamanho da palavra (em bytes): insira a quantidade de palavras por bloco: insira a quantidade de conjuntos: 

